// Jest Snapshot v1, https://goo.gl/fbAQLP

exports[`New Item Form Renders Properly 1`] = `
VueWrapper {
  "__app": Object {
    "_component": Object {
      "__emits": Object {},
      "__props": Array [
        Object {},
        Array [],
      ],
      "name": "VTU_ROOT",
      "render": [Function],
    },
    "_container": <div
      data-v-app=""
    >
      <header
        class="header"
      >
        <nav
          aria-label="Primary"
          class="header__nav"
        >
          <router-link
            class="header__link"
            title="View my Lists"
            to="'/"
          >
            <font-awesome-icon
              class="header__link__icon"
              icon="list-alt"
            />
            <span>
              My Lists
            </span>
          </router-link>
          <router-link
            class="header__link header__link--new-list"
            title="Create a new List"
            to="/new"
          >
            <font-awesome-icon
              class="header__link__icon"
              icon="plus-circle"
            />
            <span>
              New List
            </span>
          </router-link>
        </nav>
      </header>
    </div>,
    "_context": Object {
      "app": [Circular],
      "components": Object {
        "transition": Object {
          "name": "transition",
          "props": undefined,
          "render": [Function],
        },
        "transition-group": Object {
          "name": "transition-group",
          "props": undefined,
          "render": [Function],
        },
      },
      "config": Object {
        "errorHandler": undefined,
        "globalProperties": Object {},
        "isCustomElement": [Function],
        "isNativeTag": [Function],
        "optionMergeStrategies": Object {},
        "performance": false,
        "warnHandler": undefined,
      },
      "directives": Object {},
      "mixins": Array [
        Object {
          "__emits": null,
          "__props": Array [],
          "beforeCreate": [Function],
        },
      ],
      "provides": Object {},
      "reload": [Function],
    },
    "_props": null,
    "_uid": 0,
    "component": [Function],
    "config": Object {
      "errorHandler": undefined,
      "globalProperties": Object {},
      "isCustomElement": [Function],
      "isNativeTag": [Function],
      "optionMergeStrategies": Object {},
      "performance": false,
      "warnHandler": undefined,
    },
    "directive": [Function],
    "mixin": [Function],
    "mount": [Function],
    "provide": [Function],
    "unmount": [Function],
    "use": [Function],
    "version": "3.0.5",
  },
  "__setProps": [Function],
  "componentVM": Object {},
  "rootVM": Object {},
}
`;
